
> tiktok-dashboard@0.1.0 dev /Users/sero/Documents/GitHub/manageOrder-OY/manageOrder-OY
> next dev

   ▲ Next.js 15.2.4
   - Local:        http://localhost:3000
   - Network:      http://192.168.219.132:3000
   - Environments: .env.local

 ✓ Starting...
 ✓ Ready in 1826ms
 ○ Compiling / ...
 ✓ Compiled / in 5.3s (994 modules)
 GET / 200 in 5572ms
 ✓ Compiled in 478ms (456 modules)
 ○ Compiling /content-analysis ...
 ✓ Compiled /content-analysis in 631ms (998 modules)
 GET /content-analysis 200 in 756ms
 ○ Compiling /gmv-max ...
 ✓ Compiled /gmv-max in 2.4s (2749 modules)
 GET /gmv-max 200 in 2649ms
 ○ Compiling /upload-gmv ...
 ✓ Compiled /upload-gmv in 1481ms (2770 modules)
 GET /upload-gmv 200 in 1582ms
 GET /content-analysis 200 in 207ms
 ○ Compiling /api/contents ...
 ✓ Compiled /api/contents in 1088ms (1590 modules)
 GET /api/contents?groupBy=creator 200 in 1735ms
 GET /gmv-max 200 in 58ms
 ✓ Compiled /api/gmv-data in 235ms (1593 modules)
 GET /api/gmv-data?groupBy=account 200 in 415ms
 GET /api/gmv-data?groupBy=account 200 in 80ms
 ✓ Compiled in 1297ms (2750 modules)
 GET /gmv-max 200 in 100ms
 ✓ Compiled in 1023ms (2752 modules)
 GET /gmv-max 200 in 34ms
 ✓ Compiled in 912ms (2756 modules)
 GET /gmv-max 200 in 89ms
 ✓ Compiled in 383ms (1356 modules)
 GET /gmv-max 200 in 20ms
 ✓ Compiled /_not-found in 464ms (2746 modules)
 GET /gmv-max/creator-details 404 in 507ms
 GET /gmv-max/creator-details 404 in 140ms
 GET /gmv-max 200 in 77ms
 GET /api/gmv-data?groupBy=account 200 in 684ms
 GET /api/gmv-data?groupBy=account 200 in 85ms
 GET /gmv-max 200 in 61ms
 ✓ Compiled in 848ms (2997 modules)
 ○ Compiling /gmv-max/creator-details ...
 ✓ Compiled /gmv-max/creator-details in 915ms (2757 modules)
 GET /gmv-max/creator-details 200 in 1174ms
 GET /gmv-max 200 in 65ms
